// Jest Snapshot v1, https://goo.gl/fbAQLP

exports[`intercept should be COMPLETED 1`] = `
{
  "key": "foo",
  "value": "bar",
}
`;

exports[`intercept should be COMPLETED with referenceId 1`] = `"event-id"`;

exports[`intercept should be ERROR 1`] = `null`;

exports[`intercept should be RESTARTED 1`] = `null`;

exports[`intercept should be WARNING 1`] = `null`;
